This is pdfTeX, Version 3.141592653-2.6-1.40.27 (TeX Live 2025) (preloaded format=pdflatex 2025.3.8)  19 MAY 2026 00:27
entering extended mode
 restricted \write18 enabled.
 file:line:error style messages enabled.
 %&-line parsing enabled.
**/Users/charlie/Research/yukpot/documents/report/yuk-report.tex
(/Users/charlie/Research/yukpot/documents/report/yuk-report.tex
LaTeX2e <2024-11-01> patch level 2
L3 programming layer <2025-01-18>
(/usr/local/texlive/2025/texmf-dist/tex/latex/revtex/revtex4-2.cls
Document Class: revtex4-2 2022/06/05 4.2f (https://journals.aps.org/revtex/ for documentation)
 Copyright (c) 2019 American Physical Society.
 mailto:revtex@aps.org
 Licensed under the LPPL:
http://www.ctan.org/tex-archive/macros/latex/base/lppl.txt
 Arthur Ogawa <arthur_ogawa at sbcglobal dot net>
 Based on work by David Carlisle <david at dcarlisle.demon.co.uk>
 Version (4.2d--4.2f): Modified by Mark Doyle and Phelype Oleinik
 .
ltxutil[2022/06/05 4.2f utilities package (portions licensed from W. E. Baxter web at superscript.com)]
LaTeX Info: Redefining \@centercr on input line 356.
Class revtex4-2 Info: Repairing broken LaTeX eqnarray on input line 417.
\eqncolsep=\skip49
Class revtex4-2 Info: Repairing hyperref-unfriendly LaTeX definition of \mpfootnote on input line 492.
Class revtex4-2 Info: Repairing broken LateX \@sect on input line 814.
\intertabularlinepenalty=\count196
\@tbpen=\count197
\@arstrutbox@hline=\box52
Class revtex4-2 Info: Repairing broken LaTeX \@xbitor on input line 1845.
Class revtex4-2 Info: Making \typeout \long on input line 2110.
ltxfront[2022/06/05 4.2f frontmatter package (AO,DPC,MD)]
\c@affil=\count198
\c@collab=\count199
\absbox=\box53
ltxgrid[2022/06/05 4.2f page grid package (portions licensed from W. E. Baxter web at superscript.com)]
\c@linecount=\count266
\output@latex=\toks17
\box@size@1=\box54
\box@size@2=\box55
\@protection@box=\box56
\@topmark@saved=\toks18
\footins@saved=\box57
\footins@recovered=\box58
\column@recovered=\box59
\pagesofar=\box60
\footsofar=\box61
\pagegrid@col=\count267
Class revtex4-2 Info: Overriding \@vspace, \@vspacer, \@no@pgbk, \@newline, and \\  on input line 5676.
\c@part=\count268
\c@section=\count269
\c@subsection=\count270
\c@subsubsection=\count271
\c@paragraph=\count272
\c@subparagraph=\count273
\abovecaptionskip=\skip50
\belowcaptionskip=\skip51
\c@figure=\count274
\fbox@1=\box62
\c@table=\count275
\fbox@2=\box63
\c@video=\count276
\fbox@4=\box64
\@bibdataout=\write3
\widetext@top=\box65
\widetext@bot=\box66
Class revtex4-2 Info: Selecting society aps on input line 7669.
(/usr/local/texlive/2025/texmf-dist/tex/latex/revtex/aps4-2.rtx
File: aps4-2 2022/06/05 4.2f (https://journals.aps.org/revtex/ for documentation)
Class revtex4-2 Info: RevTeX society APS selected on input line 40.
)

Class revtex4-2 Warning: No journal specified, using default pra.

Class revtex4-2 Info: APS journal PRA selected on input line 7672.
(/usr/local/texlive/2025/texmf-dist/tex/latex/revtex/aps10pt4-2.rtx
File: aps10pt4-2 2022/06/05 4.2f (https://journals.aps.org/revtex/ for documentation)
Class revtex4-2 Info: RevTeX pointsize 10pt selected on input line 39.
) (/usr/local/texlive/2025/texmf-dist/tex/latex/textcase/textcase.sty
Package: textcase 2025/02/16 v1.05 Text only upper/lower case changing (DPC)
Package textcase Info: Defining Legacy names on input line 20.
) (/usr/local/texlive/2025/texmf-dist/tex/latex/amsfonts/amssymb.sty
Package: amssymb 2013/01/14 v3.01 AMS font symbols
 (/usr/local/texlive/2025/texmf-dist/tex/latex/amsfonts/amsfonts.sty
Package: amsfonts 2013/01/14 v3.01 Basic AMSFonts support
\@emptytoks=\toks19
\symAMSa=\mathgroup4
\symAMSb=\mathgroup5
LaTeX Font Info:    Redeclaring math symbol \hbar on input line 98.
LaTeX Font Info:    Overwriting math alphabet `\mathfrak' in version `bold'
(Font)                  U/euf/m/n --> U/euf/b/n on input line 106.
)) (/usr/local/texlive/2025/texmf-dist/tex/latex/amsmath/amsmath.sty
Package: amsmath 2024/11/05 v2.17t AMS math features
\@mathmargin=\skip52

For additional information on amsmath, use the `?' option.
(/usr/local/texlive/2025/texmf-dist/tex/latex/amsmath/amstext.sty
Package: amstext 2021/08/26 v2.01 AMS text
 (/usr/local/texlive/2025/texmf-dist/tex/latex/amsmath/amsgen.sty
File: amsgen.sty 1999/11/30 v2.0 generic functions
\@emptytoks=\toks20
\ex@=\dimen141
)
LaTeX Info: Redefining \text on input line 28.
) (/usr/local/texlive/2025/texmf-dist/tex/latex/amsmath/amsbsy.sty
Package: amsbsy 1999/11/29 v1.2d Bold Symbols
\pmbraise@=\dimen142
) (/usr/local/texlive/2025/texmf-dist/tex/latex/amsmath/amsopn.sty
Package: amsopn 2022/04/08 v2.04 operator names
)
\inf@bad=\count277
LaTeX Info: Redefining \frac on input line 233.
\uproot@=\count278
\leftroot@=\count279
LaTeX Info: Redefining \overline on input line 398.
LaTeX Info: Redefining \colon on input line 409.
\classnum@=\count280
\DOTSCASE@=\count281
LaTeX Info: Redefining \ldots on input line 495.
LaTeX Info: Redefining \dots on input line 498.
LaTeX Info: Redefining \cdots on input line 619.
\Mathstrutbox@=\box67
\strutbox@=\box68
LaTeX Info: Redefining \big on input line 721.
LaTeX Info: Redefining \Big on input line 722.
LaTeX Info: Redefining \bigg on input line 723.
LaTeX Info: Redefining \Bigg on input line 724.
\big@size=\dimen143
LaTeX Font Info:    Redeclaring font encoding OML on input line 742.
LaTeX Font Info:    Redeclaring font encoding OMS on input line 743.
\macc@depth=\count282
LaTeX Info: Redefining \bmod on input line 904.
LaTeX Info: Redefining \pmod on input line 909.
LaTeX Info: Redefining \smash on input line 939.
LaTeX Info: Redefining \relbar on input line 969.
LaTeX Info: Redefining \Relbar on input line 970.
\c@MaxMatrixCols=\count283
\dotsspace@=\muskip17
\c@parentequation=\count284
\dspbrk@lvl=\count285
\tag@help=\toks21
\row@=\count286
\column@=\count287
\maxfields@=\count288
\andhelp@=\toks22
\eqnshift@=\dimen144
\alignsep@=\dimen145
\tagshift@=\dimen146
\tagwidth@=\dimen147
\totwidth@=\dimen148
\lineht@=\dimen149
\@envbody=\toks23
\multlinegap=\skip53
\multlinetaggap=\skip54
\mathdisplay@stack=\toks24
LaTeX Info: Redefining \[ on input line 2953.
LaTeX Info: Redefining \] on input line 2954.
) (/usr/local/texlive/2025/texmf-dist/tex/latex/url/url.sty
\Urlmuskip=\muskip18
Package: url 2013/09/16  ver 3.4  Verb mode for urls, etc.
) (/usr/local/texlive/2025/texmf-dist/tex/latex/natbib/natbib.sty
Package: natbib 2010/09/13 8.31b (PWD, AO)
\bibhang=\skip55
\bibsep=\skip56
LaTeX Info: Redefining \cite on input line 694.
\c@NAT@ctr=\count289
)
Class revtex4-2 Info: Repairing natbib's \BibitemShut on input line 7676.
 (/usr/local/texlive/2025/texmf-dist/tex/latex/revtex/revsymb4-2.sty
Package: revsymb4-2 2022/06/05 4.2f (https://journals.aps.org/revtex/ for documentation)
LaTeX Info: Redefining \frak on input line 104.
LaTeX Info: Redefining \Bbb on input line 120.
LaTeX Info: Redefining \REV@mathfrak on input line 128.
)) (/usr/local/texlive/2025/texmf-dist/tex/latex/graphics/graphicx.sty
Package: graphicx 2021/09/16 v1.2d Enhanced LaTeX Graphics (DPC,SPQR)
 (/usr/local/texlive/2025/texmf-dist/tex/latex/graphics/keyval.sty
Package: keyval 2022/05/29 v1.15 key=value parser (DPC)
\KV@toks@=\toks25
) (/usr/local/texlive/2025/texmf-dist/tex/latex/graphics/graphics.sty
Package: graphics 2024/08/06 v1.4g Standard LaTeX Graphics (DPC,SPQR)
 (/usr/local/texlive/2025/texmf-dist/tex/latex/graphics/trig.sty
Package: trig 2023/12/02 v1.11 sin cos tan (DPC)
) (/usr/local/texlive/2025/texmf-dist/tex/latex/graphics-cfg/graphics.cfg
File: graphics.cfg 2016/06/04 v1.11 sample graphics configuration
)
Package graphics Info: Driver file: pdftex.def on input line 106.
 (/usr/local/texlive/2025/texmf-dist/tex/latex/graphics-def/pdftex.def
File: pdftex.def 2024/04/13 v1.2c Graphics/color driver for pdftex
))
\Gin@req@height=\dimen150
\Gin@req@width=\dimen151
) (/usr/local/texlive/2025/texmf-dist/tex/latex/tools/dcolumn.sty
Package: dcolumn 2023/07/08 v1.06 decimal alignment package (DPC)
 (/usr/local/texlive/2025/texmf-dist/tex/latex/tools/array.sty
Package: array 2024/10/17 v2.6g Tabular extension package (FMi)
\col@sep=\dimen152
\ar@mcellbox=\box69
\extrarowheight=\dimen153
\NC@list=\toks26
\extratabsurround=\skip57
\backup@length=\skip58
\ar@cellbox=\box70
)) (/usr/local/texlive/2025/texmf-dist/tex/latex/tools/bm.sty
Package: bm 2023/12/19 v1.2f Bold Symbol Support (DPC/FMi)
\symboldoperators=\mathgroup6
\symboldletters=\mathgroup7
\symboldsymbols=\mathgroup8
Package bm Info: No bold for \OMX/cmex/m/n, using \pmb.
Package bm Info: No bold for \U/msa/m/n, using \pmb.
Package bm Info: No bold for \U/msb/m/n, using \pmb.
LaTeX Font Info:    Redeclaring math alphabet \mathbf on input line 149.
LaTeX Info: Redefining \bm on input line 219.
) (/usr/local/texlive/2025/texmf-dist/tex/latex/hyperref/hyperref.sty
Package: hyperref 2024-11-05 v7.01l Hypertext links for LaTeX
 (/usr/local/texlive/2025/texmf-dist/tex/generic/iftex/iftex.sty
Package: iftex 2024/12/12 v1.0g TeX engine tests
) (/usr/local/texlive/2025/texmf-dist/tex/latex/kvsetkeys/kvsetkeys.sty
Package: kvsetkeys 2022-10-05 v1.19 Key value parser (HO)
) (/usr/local/texlive/2025/texmf-dist/tex/generic/kvdefinekeys/kvdefinekeys.sty
Package: kvdefinekeys 2019-12-19 v1.6 Define keys (HO)
) (/usr/local/texlive/2025/texmf-dist/tex/generic/pdfescape/pdfescape.sty
Package: pdfescape 2019/12/09 v1.15 Implements pdfTeX's escape features (HO)
 (/usr/local/texlive/2025/texmf-dist/tex/generic/ltxcmds/ltxcmds.sty
Package: ltxcmds 2023-12-04 v1.26 LaTeX kernel commands for general use (HO)
) (/usr/local/texlive/2025/texmf-dist/tex/generic/pdftexcmds/pdftexcmds.sty
Package: pdftexcmds 2020-06-27 v0.33 Utility functions of pdfTeX for LuaTeX (HO)
 (/usr/local/texlive/2025/texmf-dist/tex/generic/infwarerr/infwarerr.sty
Package: infwarerr 2019/12/03 v1.5 Providing info/warning/error messages (HO)
)
Package pdftexcmds Info: \pdf@primitive is available.
Package pdftexcmds Info: \pdf@ifprimitive is available.
Package pdftexcmds Info: \pdfdraftmode found.
)) (/usr/local/texlive/2025/texmf-dist/tex/latex/hycolor/hycolor.sty
Package: hycolor 2020-01-27 v1.10 Color options for hyperref/bookmark (HO)
) (/usr/local/texlive/2025/texmf-dist/tex/latex/hyperref/nameref.sty
Package: nameref 2023-11-26 v2.56 Cross-referencing by name of section
 (/usr/local/texlive/2025/texmf-dist/tex/latex/refcount/refcount.sty
Package: refcount 2019/12/15 v3.6 Data extraction from label references (HO)
) (/usr/local/texlive/2025/texmf-dist/tex/generic/gettitlestring/gettitlestring.sty
Package: gettitlestring 2019/12/15 v1.6 Cleanup title references (HO)
 (/usr/local/texlive/2025/texmf-dist/tex/latex/kvoptions/kvoptions.sty
Package: kvoptions 2022-06-15 v3.15 Key value format for package options (HO)
))

Package nameref Warning: The definition of \label has changed! 
(nameref)                Check your packages! 
(nameref)                Replacing it with the kernel definition on input line 149.

\c@section@level=\count290
) (/usr/local/texlive/2025/texmf-dist/tex/latex/etoolbox/etoolbox.sty
Package: etoolbox 2025/02/11 v2.5l e-TeX tools for LaTeX (JAW)
\etb@tempcnta=\count291
) (/usr/local/texlive/2025/texmf-dist/tex/generic/stringenc/stringenc.sty
Package: stringenc 2019/11/29 v1.12 Convert strings between diff. encodings (HO)
)
\@linkdim=\dimen154
\Hy@linkcounter=\count292
\Hy@pagecounter=\count293
 (/usr/local/texlive/2025/texmf-dist/tex/latex/hyperref/pd1enc.def
File: pd1enc.def 2024-11-05 v7.01l Hyperref: PDFDocEncoding definition (HO)
Now handling font encoding PD1 ...
... no UTF-8 mapping file for font encoding PD1
) (/usr/local/texlive/2025/texmf-dist/tex/generic/intcalc/intcalc.sty
Package: intcalc 2019/12/15 v1.3 Expandable calculations with integers (HO)
)
\Hy@SavedSpaceFactor=\count294
 (/usr/local/texlive/2025/texmf-dist/tex/latex/hyperref/puenc.def
File: puenc.def 2024-11-05 v7.01l Hyperref: PDF Unicode definition (HO)
Now handling font encoding PU ...
... no UTF-8 mapping file for font encoding PU
)
Package hyperref Info: Option `colorlinks' set `false' on input line 4040.
Package hyperref Info: Hyper figures OFF on input line 4157.
Package hyperref Info: Link nesting OFF on input line 4162.
Package hyperref Info: Hyper index ON on input line 4165.
Package hyperref Info: Plain pages OFF on input line 4172.
Package hyperref Info: Backreferencing OFF on input line 4177.
Package hyperref Info: Implicit mode ON; LaTeX internals redefined.
Package hyperref Info: Bookmarks ON on input line 4424.
LaTeX Info: Redefining \href on input line 4674.
\c@Hy@tempcnt=\count295
LaTeX Info: Redefining \url on input line 4763.
\XeTeXLinkMargin=\dimen155
 (/usr/local/texlive/2025/texmf-dist/tex/generic/bitset/bitset.sty
Package: bitset 2019/12/09 v1.3 Handle bit-vector datatype (HO)
 (/usr/local/texlive/2025/texmf-dist/tex/generic/bigintcalc/bigintcalc.sty
Package: bigintcalc 2019/12/15 v1.5 Expandable calculations on big integers (HO)
))
\Fld@menulength=\count296
\Field@Width=\dimen156
\Fld@charsize=\dimen157
Package hyperref Info: Hyper figures OFF on input line 6042.
Package hyperref Info: Link nesting OFF on input line 6047.
Package hyperref Info: Hyper index ON on input line 6050.
Package hyperref Info: backreferencing OFF on input line 6057.
Package hyperref Info: Link coloring OFF on input line 6062.
Package hyperref Info: Link coloring with OCG OFF on input line 6067.
Package hyperref Info: PDF/A mode OFF on input line 6072.
 (/usr/local/texlive/2025/texmf-dist/tex/latex/base/atbegshi-ltx.sty
Package: atbegshi-ltx 2021/01/10 v1.0c Emulation of the original atbegshi
package with kernel methods
)
\Hy@abspage=\count297
\c@Item=\count298
\c@Hfootnote=\count299
)
Package hyperref Info: Driver (autodetected): hpdftex.
 (/usr/local/texlive/2025/texmf-dist/tex/latex/hyperref/hpdftex.def
File: hpdftex.def 2024-11-05 v7.01l Hyperref driver for pdfTeX
 (/usr/local/texlive/2025/texmf-dist/tex/latex/base/atveryend-ltx.sty
Package: atveryend-ltx 2020/08/19 v1.0a Emulation of the original atveryend package
with kernel methods
)
\Fld@listcount=\count300
\c@bookmark@seq@number=\count301
 (/usr/local/texlive/2025/texmf-dist/tex/latex/rerunfilecheck/rerunfilecheck.sty
Package: rerunfilecheck 2022-07-10 v1.10 Rerun checks for auxiliary files (HO)
 (/usr/local/texlive/2025/texmf-dist/tex/generic/uniquecounter/uniquecounter.sty
Package: uniquecounter 2019/12/15 v1.4 Provide unlimited unique counter (HO)
)
Package uniquecounter Info: New unique counter `rerunfilecheck' on input line 285.
)
\Hy@SectionHShift=\skip59
) (/usr/local/texlive/2025/texmf-dist/tex/latex/lineno/lineno.sty
Package: lineno 2025/01/29 line numbers on paragraphs v5.4
\linenopenalty=\count302
\output=\toks27
\linenoprevgraf=\count303
\linenumbersep=\dimen158
\linenumberwidth=\dimen159
\c@linenumber=\count304
\c@pagewiselinenumber=\count305
\c@LN@truepage=\count306
\c@internallinenumber=\count307
\c@internallinenumbers=\count308
\quotelinenumbersep=\dimen160
\bframerule=\dimen161
\bframesep=\dimen162
\bframebox=\box71
\@LN@amsmath@ams@eqpen=\count309
LaTeX Info: Redefining \\ on input line 3187.
) (/usr/local/texlive/2025/texmf-dist/tex/latex/placeins/placeins.sty
Package: placeins 2005/04/18  v 2.2
)
Class revtex4-2 Info: Unrecognized array package. Please update this document class! (Proceeding with fingers crossed.) on input line 48.
Class revtex4-2 Info: cite was not loaded (OK!) on input line 48.
Class revtex4-2 Info: mcite was not loaded (OK!) on input line 48.
Class revtex4-2 Info: multicol was not loaded (OK!) on input line 48.
 (/usr/local/texlive/2025/texmf-dist/tex/latex/l3backend/l3backend-pdftex.def
File: l3backend-pdftex.def 2024-05-08 L3 backend support: PDF output (pdfTeX)
\l__color_backend_stack_int=\count310
\l__pdf_internal_box=\box72
) (build/yuk-report.aux)
\openout1 = `yuk-report.aux'.

LaTeX Font Info:    Checking defaults for OML/cmm/m/it on input line 48.
LaTeX Font Info:    ... okay on input line 48.
LaTeX Font Info:    Checking defaults for OMS/cmsy/m/n on input line 48.
LaTeX Font Info:    ... okay on input line 48.
LaTeX Font Info:    Checking defaults for OT1/cmr/m/n on input line 48.
LaTeX Font Info:    ... okay on input line 48.
LaTeX Font Info:    Checking defaults for T1/cmr/m/n on input line 48.
LaTeX Font Info:    ... okay on input line 48.
LaTeX Font Info:    Checking defaults for TS1/cmr/m/n on input line 48.
LaTeX Font Info:    ... okay on input line 48.
LaTeX Font Info:    Checking defaults for OMX/cmex/m/n on input line 48.
LaTeX Font Info:    ... okay on input line 48.
LaTeX Font Info:    Checking defaults for U/cmr/m/n on input line 48.
LaTeX Font Info:    ... okay on input line 48.
LaTeX Font Info:    Checking defaults for PD1/pdf/m/n on input line 48.
LaTeX Font Info:    ... okay on input line 48.
LaTeX Font Info:    Checking defaults for PU/pdf/m/n on input line 48.
LaTeX Font Info:    ... okay on input line 48.
 (/usr/local/texlive/2025/texmf-dist/tex/context/base/mkii/supp-pdf.mkii
[Loading MPS to PDF converter (version 2006.09.02).]
\scratchcounter=\count311
\scratchdimen=\dimen163
\scratchbox=\box73
\nofMPsegments=\count312
\nofMParguments=\count313
\everyMPshowfont=\toks28
\MPscratchCnt=\count314
\MPscratchDim=\dimen164
\MPnumerator=\count315
\makeMPintoPDFobject=\count316
\everyMPtoPDFconversion=\toks29
) (/usr/local/texlive/2025/texmf-dist/tex/latex/epstopdf-pkg/epstopdf-base.sty
Package: epstopdf-base 2020-01-24 v2.11 Base part for package epstopdf
Package epstopdf-base Info: Redefining graphics rule for `.eps' on input line 485.
 (/usr/local/texlive/2025/texmf-dist/tex/latex/latexconfig/epstopdf-sys.cfg
File: epstopdf-sys.cfg 2010/07/13 v1.3 Configuration of (r)epstopdf for TeX Live
))
Package hyperref Info: Link coloring OFF on input line 48.
 (build/yuk-report.out) (build/yuk-report.out)
\@outlinefile=\write4
\openout4 = `yuk-report.out'.

Class revtex4-2 Info: Taking \maketitle back from hyperref on input line 48.
Class revtex4-2 Info: Overriding lineo.sty, restoring output routine, on input line 48.
Class revtex4-2 Info: Line numbering not turned on yet on input line 48.
\openout3 = `yuk-reportNotes.bib'.

Class revtex4-2 Info: Overriding \@LN@LLerror on input line 48.
LaTeX Font Info:    Trying to load font information for U+msa on input line 93.
 (/usr/local/texlive/2025/texmf-dist/tex/latex/amsfonts/umsa.fd
File: umsa.fd 2013/01/14 v3.01 AMS symbols A
)
LaTeX Font Info:    Trying to load font information for U+msb on input line 93.
 (/usr/local/texlive/2025/texmf-dist/tex/latex/amsfonts/umsb.fd
File: umsb.fd 2013/01/14 v3.01 AMS symbols B
) [1{/usr/local/texlive/2025/texmf-var/fonts/map/pdftex/updmap/pdftex.map}]
Underfull \hbox (badness 1072) in paragraph at lines 248--257
[]\OT1/cmr/m/n/10 The pro-gram-ming lan-guage used in the script is
 []

[2]
<plots/potential/h_eff_pot.pdf, id=148, 462.52798pt x 346.89601pt>
File: plots/potential/h_eff_pot.pdf Graphic file (type pdf)
<use plots/potential/h_eff_pot.pdf>
Package pdftex.def Info: plots/potential/h_eff_pot.pdf  used on input line 281.
(pdftex.def)             Requested size: 246.0pt x 184.49977pt.
<plots/potential/3/pb_Vr_L0.pdf, id=150, 722.7pt x 361.35pt>
File: plots/potential/3/pb_Vr_L0.pdf Graphic file (type pdf)
<use plots/potential/3/pb_Vr_L0.pdf>
Package pdftex.def Info: plots/potential/3/pb_Vr_L0.pdf  used on input line 291.
(pdftex.def)             Requested size: 246.0pt x 123.00073pt.
<plots/potential/3/pb_Vr_L2.pdf, id=153, 722.7pt x 361.35pt>
File: plots/potential/3/pb_Vr_L2.pdf Graphic file (type pdf)
<use plots/potential/3/pb_Vr_L2.pdf>
Package pdftex.def Info: plots/potential/3/pb_Vr_L2.pdf  used on input line 301.
(pdftex.def)             Requested size: 246.0pt x 123.00073pt.
<plots/potential/3/pb_Vr_L5.pdf, id=154, 722.7pt x 361.35pt>
File: plots/potential/3/pb_Vr_L5.pdf Graphic file (type pdf)
<use plots/potential/3/pb_Vr_L5.pdf>
Package pdftex.def Info: plots/potential/3/pb_Vr_L5.pdf  used on input line 308.
(pdftex.def)             Requested size: 246.0pt x 123.00073pt.
<plots/energy/H_energy.pdf, id=156, 462.52798pt x 346.89601pt>
File: plots/energy/H_energy.pdf Graphic file (type pdf)
<use plots/energy/H_energy.pdf>
Package pdftex.def Info: plots/energy/H_energy.pdf  used on input line 330.
(pdftex.def)             Requested size: 246.0pt x 184.49977pt.
 [3 <./plots/potential/h_eff_pot.pdf> <./plots/potential/3/pb_Vr_L0.pdf> <./plots/potential/3/pb_Vr_L2.pdf> <./plots/potential/3/pb_Vr_L5.pdf>]

LaTeX Warning: A float is stuck (cannot be placed) on input line 341.


LaTeX Warning: A float is stuck (cannot be placed) on input line 341.


Class revtex4-2 Warning: Deferred float stuck during \clearpage processing.

<plots/energy/3/pb_energy.pdf, id=316, 462.52798pt x 346.89601pt>
File: plots/energy/3/pb_energy.pdf Graphic file (type pdf)
<use plots/energy/3/pb_energy.pdf>
Package pdftex.def Info: plots/energy/3/pb_energy.pdf  used on input line 344.
(pdftex.def)             Requested size: 246.0pt x 184.49977pt.
<plots/wfs-and-pds/3/pb_wf_u10.pdf, id=319, 722.7pt x 361.35pt>
File: plots/wfs-and-pds/3/pb_wf_u10.pdf Graphic file (type pdf)
<use plots/wfs-and-pds/3/pb_wf_u10.pdf>
Package pdftex.def Info: plots/wfs-and-pds/3/pb_wf_u10.pdf  used on input line 363.
(pdftex.def)             Requested size: 246.0pt x 123.00073pt.
<plots/wfs-and-pds/3/pb_pd_u10.pdf, id=320, 722.7pt x 361.35pt>
File: plots/wfs-and-pds/3/pb_pd_u10.pdf Graphic file (type pdf)
<use plots/wfs-and-pds/3/pb_pd_u10.pdf>
Package pdftex.def Info: plots/wfs-and-pds/3/pb_pd_u10.pdf  used on input line 370.
(pdftex.def)             Requested size: 246.0pt x 123.00073pt.
<plots/wfs-and-pds/3/pb_wf_u63.pdf, id=324, 722.7pt x 361.35pt>
File: plots/wfs-and-pds/3/pb_wf_u63.pdf Graphic file (type pdf)
<use plots/wfs-and-pds/3/pb_wf_u63.pdf>
Package pdftex.def Info: plots/wfs-and-pds/3/pb_wf_u63.pdf  used on input line 389.
(pdftex.def)             Requested size: 246.0pt x 123.00073pt.
<plots/wfs-and-pds/3/pb_pd_u63.pdf, id=325, 722.7pt x 361.35pt>
File: plots/wfs-and-pds/3/pb_pd_u63.pdf Graphic file (type pdf)
<use plots/wfs-and-pds/3/pb_pd_u63.pdf>
Package pdftex.def Info: plots/wfs-and-pds/3/pb_pd_u63.pdf  used on input line 396.
(pdftex.def)             Requested size: 246.0pt x 123.00073pt.
<plots/energy/3/pb_pot_E63.pdf, id=326, 722.7pt x 361.35pt>
File: plots/energy/3/pb_pot_E63.pdf Graphic file (type pdf)
<use plots/energy/3/pb_pot_E63.pdf>
Package pdftex.def Info: plots/energy/3/pb_pot_E63.pdf  used on input line 403.
(pdftex.def)             Requested size: 246.0pt x 123.00073pt.
<plots/wfs-and-pds/3/pb_wf_u75.pdf, id=327, 722.7pt x 361.35pt>
File: plots/wfs-and-pds/3/pb_wf_u75.pdf Graphic file (type pdf)
<use plots/wfs-and-pds/3/pb_wf_u75.pdf>
Package pdftex.def Info: plots/wfs-and-pds/3/pb_wf_u75.pdf  used on input line 410.
(pdftex.def)             Requested size: 246.0pt x 123.00073pt.
<plots/wfs-and-pds/3/pb_pd_u75.pdf, id=328, 722.7pt x 361.35pt>
File: plots/wfs-and-pds/3/pb_pd_u75.pdf Graphic file (type pdf)
<use plots/wfs-and-pds/3/pb_pd_u75.pdf>
Package pdftex.def Info: plots/wfs-and-pds/3/pb_pd_u75.pdf  used on input line 417.
(pdftex.def)             Requested size: 246.0pt x 123.00073pt.
<plots/energy/3/pb_pot_E75.pdf, id=329, 722.7pt x 361.35pt>
File: plots/energy/3/pb_pot_E75.pdf Graphic file (type pdf)
<use plots/energy/3/pb_pot_E75.pdf>
Package pdftex.def Info: plots/energy/3/pb_pot_E75.pdf  used on input line 424.
(pdftex.def)             Requested size: 246.0pt x 123.00073pt.
[4 <./plots/energy/H_energy.pdf> <./plots/energy/3/pb_energy.pdf> <./plots/wfs-and-pds/3/pb_wf_u10.pdf> <./plots/wfs-and-pds/3/pb_pd_u10.pdf> <./plots/wfs-and-pds/3/pb_wf_u63.pdf>]

LaTeX Warning: A float is stuck (cannot be placed) on input line 433.


LaTeX Warning: A float is stuck (cannot be placed) on input line 433.


Class revtex4-2 Warning: Deferred float stuck during \clearpage processing.

<plots/wfs-and-pds/3/pb_wf_u255.pdf, id=468, 722.7pt x 361.35pt>
File: plots/wfs-and-pds/3/pb_wf_u255.pdf Graphic file (type pdf)
<use plots/wfs-and-pds/3/pb_wf_u255.pdf>
Package pdftex.def Info: plots/wfs-and-pds/3/pb_wf_u255.pdf  used on input line 436.
(pdftex.def)             Requested size: 246.0pt x 123.00073pt.
<plots/wfs-and-pds/3/pb_pd_u255.pdf, id=469, 722.7pt x 361.35pt>
File: plots/wfs-and-pds/3/pb_pd_u255.pdf Graphic file (type pdf)
<use plots/wfs-and-pds/3/pb_pd_u255.pdf>
Package pdftex.def Info: plots/wfs-and-pds/3/pb_pd_u255.pdf  used on input line 443.
(pdftex.def)             Requested size: 246.0pt x 123.00073pt.
<plots/energy/3/pb_pot_E255.pdf, id=471, 722.7pt x 361.35pt>
File: plots/energy/3/pb_pot_E255.pdf Graphic file (type pdf)
<use plots/energy/3/pb_pot_E255.pdf>
Package pdftex.def Info: plots/energy/3/pb_pot_E255.pdf  used on input line 454.
(pdftex.def)             Requested size: 246.0pt x 123.00073pt.
[5 <./plots/wfs-and-pds/3/pb_pd_u63.pdf> <./plots/energy/3/pb_pot_E63.pdf> <./plots/wfs-and-pds/3/pb_wf_u75.pdf> <./plots/wfs-and-pds/3/pb_pd_u75.pdf> <./plots/energy/3/pb_pot_E75.pdf> <./plots/wfs-and-pds/3/pb_wf_u255.pdf> <./plots/wfs-and-pds/3/pb_pd_u255.pdf>]

LaTeX Warning: A float is stuck (cannot be placed) on input line 479.


LaTeX Warning: A float is stuck (cannot be placed) on input line 479.


Class revtex4-2 Warning: Deferred float stuck during \clearpage processing.

(build/yuk-report.bbl)

Package hyperref Warning: Token not allowed in a PDF string (Unicode):
(hyperref)                removing `math shift' on input line 524.


Package hyperref Warning: Token not allowed in a PDF string (Unicode):
(hyperref)                removing `subscript' on input line 524.


Package hyperref Warning: Token not allowed in a PDF string (Unicode):
(hyperref)                removing `math shift' on input line 524.


Package hyperref Warning: Token not allowed in a PDF string (Unicode):
(hyperref)                removing `math shift' on input line 524.


Package hyperref Warning: Token not allowed in a PDF string (Unicode):
(hyperref)                removing `subscript' on input line 524.


Package hyperref Warning: Token not allowed in a PDF string (Unicode):
(hyperref)                removing `math shift' on input line 524.


Package hyperref Warning: Token not allowed in a PDF string (Unicode):
(hyperref)                removing `math shift' on input line 524.


Package hyperref Warning: Token not allowed in a PDF string (Unicode):
(hyperref)                removing `subscript' on input line 524.


Package hyperref Warning: Token not allowed in a PDF string (Unicode):
(hyperref)                removing `math shift' on input line 524.

<plots/energy/3/pb_pot_E10.pdf, id=690, 722.7pt x 361.35pt>
File: plots/energy/3/pb_pot_E10.pdf Graphic file (type pdf)
<use plots/energy/3/pb_pot_E10.pdf>
Package pdftex.def Info: plots/energy/3/pb_pot_E10.pdf  used on input line 528.
(pdftex.def)             Requested size: 246.0pt x 123.00073pt.
File: plots/energy/3/pb_pot_E63.pdf Graphic file (type pdf)
<use plots/energy/3/pb_pot_E63.pdf>
Package pdftex.def Info: plots/energy/3/pb_pot_E63.pdf  used on input line 535.
(pdftex.def)             Requested size: 246.0pt x 123.00073pt.
File: plots/energy/3/pb_pot_E75.pdf Graphic file (type pdf)
<use plots/energy/3/pb_pot_E75.pdf>
Package pdftex.def Info: plots/energy/3/pb_pot_E75.pdf  used on input line 542.
(pdftex.def)             Requested size: 246.0pt x 123.00073pt.

Package hyperref Warning: Token not allowed in a PDF string (Unicode):
(hyperref)                removing `math shift' on input line 553.


Package hyperref Warning: Token not allowed in a PDF string (Unicode):
(hyperref)                removing `math shift' on input line 553.

<plots/potential/4/pb_Vr_L5.pdf, id=697, 722.7pt x 361.35pt>
File: plots/potential/4/pb_Vr_L5.pdf Graphic file (type pdf)
<use plots/potential/4/pb_Vr_L5.pdf>
Package pdftex.def Info: plots/potential/4/pb_Vr_L5.pdf  used on input line 569.
(pdftex.def)             Requested size: 246.0pt x 123.00073pt.
<plots/energy/4/pb_energy.pdf, id=698, 462.52798pt x 346.89601pt>
File: plots/energy/4/pb_energy.pdf Graphic file (type pdf)
<use plots/energy/4/pb_energy.pdf>
Package pdftex.def Info: plots/energy/4/pb_energy.pdf  used on input line 576.
(pdftex.def)             Requested size: 246.0pt x 184.49977pt.
<plots/wfs-and-pds/4/pb_wf_u10.pdf, id=699, 722.7pt x 361.35pt>
File: plots/wfs-and-pds/4/pb_wf_u10.pdf Graphic file (type pdf)
<use plots/wfs-and-pds/4/pb_wf_u10.pdf>
Package pdftex.def Info: plots/wfs-and-pds/4/pb_wf_u10.pdf  used on input line 583.
(pdftex.def)             Requested size: 246.0pt x 123.00073pt.
<plots/wfs-and-pds/4/pb_pd_u10.pdf, id=700, 722.7pt x 361.35pt>
File: plots/wfs-and-pds/4/pb_pd_u10.pdf Graphic file (type pdf)
<use plots/wfs-and-pds/4/pb_pd_u10.pdf>
Package pdftex.def Info: plots/wfs-and-pds/4/pb_pd_u10.pdf  used on input line 590.
(pdftex.def)             Requested size: 246.0pt x 123.00073pt.
<plots/energy/4/pb_pot_E10.pdf, id=701, 722.7pt x 361.35pt>
File: plots/energy/4/pb_pot_E10.pdf Graphic file (type pdf)
<use plots/energy/4/pb_pot_E10.pdf>
Package pdftex.def Info: plots/energy/4/pb_pot_E10.pdf  used on input line 597.
(pdftex.def)             Requested size: 246.0pt x 123.00073pt.
<plots/wfs-and-pds/4/pb_wf_u63.pdf, id=702, 722.7pt x 361.35pt>
File: plots/wfs-and-pds/4/pb_wf_u63.pdf Graphic file (type pdf)
<use plots/wfs-and-pds/4/pb_wf_u63.pdf>
Package pdftex.def Info: plots/wfs-and-pds/4/pb_wf_u63.pdf  used on input line 604.
(pdftex.def)             Requested size: 246.0pt x 123.00073pt.
<plots/wfs-and-pds/4/pb_pd_u63.pdf, id=703, 722.7pt x 361.35pt>
File: plots/wfs-and-pds/4/pb_pd_u63.pdf Graphic file (type pdf)
<use plots/wfs-and-pds/4/pb_pd_u63.pdf>
Package pdftex.def Info: plots/wfs-and-pds/4/pb_pd_u63.pdf  used on input line 611.
(pdftex.def)             Requested size: 246.0pt x 123.00073pt.
<plots/energy/4/pb_pot_E63.pdf, id=704, 722.7pt x 361.35pt>
File: plots/energy/4/pb_pot_E63.pdf Graphic file (type pdf)
<use plots/energy/4/pb_pot_E63.pdf>
Package pdftex.def Info: plots/energy/4/pb_pot_E63.pdf  used on input line 618.
(pdftex.def)             Requested size: 246.0pt x 123.00073pt.
<plots/wfs-and-pds/4/pb_wf_u75.pdf, id=705, 722.7pt x 361.35pt>
File: plots/wfs-and-pds/4/pb_wf_u75.pdf Graphic file (type pdf)
<use plots/wfs-and-pds/4/pb_wf_u75.pdf>
Package pdftex.def Info: plots/wfs-and-pds/4/pb_wf_u75.pdf  used on input line 625.
(pdftex.def)             Requested size: 246.0pt x 123.00073pt.
<plots/wfs-and-pds/4/pb_pd_u75.pdf, id=706, 722.7pt x 361.35pt>
File: plots/wfs-and-pds/4/pb_pd_u75.pdf Graphic file (type pdf)
<use plots/wfs-and-pds/4/pb_pd_u75.pdf>
Package pdftex.def Info: plots/wfs-and-pds/4/pb_pd_u75.pdf  used on input line 632.
(pdftex.def)             Requested size: 246.0pt x 123.00073pt.
<plots/energy/4/pb_pot_E75.pdf, id=707, 722.7pt x 361.35pt>
File: plots/energy/4/pb_pot_E75.pdf Graphic file (type pdf)
<use plots/energy/4/pb_pot_E75.pdf>
Package pdftex.def Info: plots/energy/4/pb_pot_E75.pdf  used on input line 639.
(pdftex.def)             Requested size: 246.0pt x 123.00073pt.
<plots/wfs-and-pds/4/pb_wf_u255.pdf, id=708, 722.7pt x 361.35pt>
File: plots/wfs-and-pds/4/pb_wf_u255.pdf Graphic file (type pdf)
<use plots/wfs-and-pds/4/pb_wf_u255.pdf>
Package pdftex.def Info: plots/wfs-and-pds/4/pb_wf_u255.pdf  used on input line 646.
(pdftex.def)             Requested size: 246.0pt x 123.00073pt.
<plots/wfs-and-pds/4/pb_pd_u255.pdf, id=709, 722.7pt x 361.35pt>
File: plots/wfs-and-pds/4/pb_pd_u255.pdf Graphic file (type pdf)
<use plots/wfs-and-pds/4/pb_pd_u255.pdf>
Package pdftex.def Info: plots/wfs-and-pds/4/pb_pd_u255.pdf  used on input line 653.
(pdftex.def)             Requested size: 246.0pt x 123.00073pt.
<plots/energy/4/pb_pot_E255.pdf, id=710, 722.7pt x 361.35pt>
File: plots/energy/4/pb_pot_E255.pdf Graphic file (type pdf)
<use plots/energy/4/pb_pot_E255.pdf>
Package pdftex.def Info: plots/energy/4/pb_pot_E255.pdf  used on input line 660.
(pdftex.def)             Requested size: 246.0pt x 123.00073pt.

Package hyperref Warning: Token not allowed in a PDF string (Unicode):
(hyperref)                removing `math shift' on input line 672.


Package hyperref Warning: Token not allowed in a PDF string (Unicode):
(hyperref)                removing `subscript' on input line 672.


Package hyperref Warning: Token not allowed in a PDF string (Unicode):
(hyperref)                removing `superscript' on input line 672.


Package hyperref Warning: Token not allowed in a PDF string (Unicode):
(hyperref)                removing `math shift' on input line 672.

[6 <./plots/energy/3/pb_pot_E255.pdf> <./plots/energy/3/pb_pot_E10.pdf>]

LaTeX Warning: A float is stuck (cannot be placed) on input line 677.


LaTeX Warning: A float is stuck (cannot be placed) on input line 677.


Class revtex4-2 Warning: Deferred float stuck during \clearpage processing.

<plots/potential/5/pb_Vr_L5.pdf, id=791, 722.7pt x 361.35pt>
File: plots/potential/5/pb_Vr_L5.pdf Graphic file (type pdf)
<use plots/potential/5/pb_Vr_L5.pdf>
Package pdftex.def Info: plots/potential/5/pb_Vr_L5.pdf  used on input line 689.
(pdftex.def)             Requested size: 246.0pt x 123.00073pt.
<plots/energy/5/pb_energy.pdf, id=792, 462.52798pt x 346.89601pt>
File: plots/energy/5/pb_energy.pdf Graphic file (type pdf)
<use plots/energy/5/pb_energy.pdf>
Package pdftex.def Info: plots/energy/5/pb_energy.pdf  used on input line 696.
(pdftex.def)             Requested size: 246.0pt x 184.49977pt.
<plots/wfs-and-pds/5/pb_wf_u10.pdf, id=793, 722.7pt x 361.35pt>
File: plots/wfs-and-pds/5/pb_wf_u10.pdf Graphic file (type pdf)
<use plots/wfs-and-pds/5/pb_wf_u10.pdf>
Package pdftex.def Info: plots/wfs-and-pds/5/pb_wf_u10.pdf  used on input line 703.
(pdftex.def)             Requested size: 246.0pt x 123.00073pt.
<plots/wfs-and-pds/5/pb_pd_u10.pdf, id=794, 722.7pt x 361.35pt>
File: plots/wfs-and-pds/5/pb_pd_u10.pdf Graphic file (type pdf)
<use plots/wfs-and-pds/5/pb_pd_u10.pdf>
Package pdftex.def Info: plots/wfs-and-pds/5/pb_pd_u10.pdf  used on input line 710.
(pdftex.def)             Requested size: 246.0pt x 123.00073pt.
<plots/energy/5/pb_pot_E10.pdf, id=795, 722.7pt x 361.35pt>
File: plots/energy/5/pb_pot_E10.pdf Graphic file (type pdf)
<use plots/energy/5/pb_pot_E10.pdf>
Package pdftex.def Info: plots/energy/5/pb_pot_E10.pdf  used on input line 718.
(pdftex.def)             Requested size: 246.0pt x 123.00073pt.
<plots/wfs-and-pds/5/pb_wf_u63.pdf, id=796, 722.7pt x 361.35pt>
File: plots/wfs-and-pds/5/pb_wf_u63.pdf Graphic file (type pdf)
<use plots/wfs-and-pds/5/pb_wf_u63.pdf>
Package pdftex.def Info: plots/wfs-and-pds/5/pb_wf_u63.pdf  used on input line 726.
(pdftex.def)             Requested size: 246.0pt x 123.00073pt.
<plots/wfs-and-pds/5/pb_pd_u63.pdf, id=797, 722.7pt x 361.35pt>
File: plots/wfs-and-pds/5/pb_pd_u63.pdf Graphic file (type pdf)
<use plots/wfs-and-pds/5/pb_pd_u63.pdf>
Package pdftex.def Info: plots/wfs-and-pds/5/pb_pd_u63.pdf  used on input line 733.
(pdftex.def)             Requested size: 246.0pt x 123.00073pt.
<plots/energy/5/pb_pot_E63.pdf, id=798, 722.7pt x 361.35pt>
File: plots/energy/5/pb_pot_E63.pdf Graphic file (type pdf)
<use plots/energy/5/pb_pot_E63.pdf>
Package pdftex.def Info: plots/energy/5/pb_pot_E63.pdf  used on input line 740.
(pdftex.def)             Requested size: 246.0pt x 123.00073pt.
<plots/wfs-and-pds/5/pb_wf_u75.pdf, id=799, 722.7pt x 361.35pt>
File: plots/wfs-and-pds/5/pb_wf_u75.pdf Graphic file (type pdf)
<use plots/wfs-and-pds/5/pb_wf_u75.pdf>
Package pdftex.def Info: plots/wfs-and-pds/5/pb_wf_u75.pdf  used on input line 747.
(pdftex.def)             Requested size: 246.0pt x 123.00073pt.
<plots/wfs-and-pds/5/pb_pd_u75.pdf, id=800, 722.7pt x 361.35pt>
File: plots/wfs-and-pds/5/pb_pd_u75.pdf Graphic file (type pdf)
<use plots/wfs-and-pds/5/pb_pd_u75.pdf>
Package pdftex.def Info: plots/wfs-and-pds/5/pb_pd_u75.pdf  used on input line 754.
(pdftex.def)             Requested size: 246.0pt x 123.00073pt.
<plots/energy/5/pb_pot_E75.pdf, id=801, 722.7pt x 361.35pt>
File: plots/energy/5/pb_pot_E75.pdf Graphic file (type pdf)
<use plots/energy/5/pb_pot_E75.pdf>
Package pdftex.def Info: plots/energy/5/pb_pot_E75.pdf  used on input line 761.
(pdftex.def)             Requested size: 246.0pt x 123.00073pt.
<plots/wfs-and-pds/5/pb_wf_u255.pdf, id=802, 722.7pt x 361.35pt>
File: plots/wfs-and-pds/5/pb_wf_u255.pdf Graphic file (type pdf)
<use plots/wfs-and-pds/5/pb_wf_u255.pdf>
Package pdftex.def Info: plots/wfs-and-pds/5/pb_wf_u255.pdf  used on input line 768.
(pdftex.def)             Requested size: 246.0pt x 123.00073pt.
<plots/wfs-and-pds/5/pb_pd_u255.pdf, id=803, 722.7pt x 361.35pt>
File: plots/wfs-and-pds/5/pb_pd_u255.pdf Graphic file (type pdf)
<use plots/wfs-and-pds/5/pb_pd_u255.pdf>
Package pdftex.def Info: plots/wfs-and-pds/5/pb_pd_u255.pdf  used on input line 775.
(pdftex.def)             Requested size: 246.0pt x 123.00073pt.
<plots/energy/5/pb_pot_E255.pdf, id=804, 722.7pt x 361.35pt>
File: plots/energy/5/pb_pot_E255.pdf Graphic file (type pdf)
<use plots/energy/5/pb_pot_E255.pdf>
Package pdftex.def Info: plots/energy/5/pb_pot_E255.pdf  used on input line 782.
(pdftex.def)             Requested size: 246.0pt x 123.00073pt.

Package hyperref Warning: Token not allowed in a PDF string (Unicode):
(hyperref)                removing `math shift' on input line 795.


Package hyperref Warning: Token not allowed in a PDF string (Unicode):
(hyperref)                removing `\lambda' on input line 795.


Package hyperref Warning: Token not allowed in a PDF string (Unicode):
(hyperref)                removing `superscript' on input line 795.


Package hyperref Warning: Token not allowed in a PDF string (Unicode):
(hyperref)                removing `math shift' on input line 795.

[7 <./plots/potential/4/pb_Vr_L5.pdf> <./plots/energy/4/pb_energy.pdf> <./plots/wfs-and-pds/4/pb_wf_u10.pdf> <./plots/wfs-and-pds/4/pb_pd_u10.pdf>]

LaTeX Warning: A float is stuck (cannot be placed) on input line 804.


LaTeX Warning: A float is stuck (cannot be placed) on input line 804.


Class revtex4-2 Warning: Deferred float stuck during \clearpage processing.

[8 <./plots/energy/4/pb_pot_E10.pdf> <./plots/wfs-and-pds/4/pb_wf_u63.pdf> <./plots/wfs-and-pds/4/pb_pd_u63.pdf> <./plots/energy/4/pb_pot_E63.pdf> <./plots/wfs-and-pds/4/pb_wf_u75.pdf> <./plots/wfs-and-pds/4/pb_pd_u75.pdf> <./plots/energy/4/pb_pot_E75.pdf> <./plots/wfs-and-pds/4/pb_wf_u255.pdf>]

LaTeX Warning: A float is stuck (cannot be placed) on input line 804.


LaTeX Warning: A float is stuck (cannot be placed) on input line 804.


Class revtex4-2 Warning: Deferred float stuck during \clearpage processing.

<plots/energy/6/pb_energy.pdf, id=1182, 462.52798pt x 346.89601pt>
File: plots/energy/6/pb_energy.pdf Graphic file (type pdf)
<use plots/energy/6/pb_energy.pdf>
Package pdftex.def Info: plots/energy/6/pb_energy.pdf  used on input line 811.
(pdftex.def)             Requested size: 246.0pt x 184.49977pt.
<plots/energy/7/pb_energy.pdf, id=1183, 462.52798pt x 346.89601pt>
File: plots/energy/7/pb_energy.pdf Graphic file (type pdf)
<use plots/energy/7/pb_energy.pdf>
Package pdftex.def Info: plots/energy/7/pb_energy.pdf  used on input line 818.
(pdftex.def)             Requested size: 246.0pt x 184.49977pt.
<plots/potential/6/pb_Vr_L5.pdf, id=1184, 722.7pt x 361.35pt>
File: plots/potential/6/pb_Vr_L5.pdf Graphic file (type pdf)
<use plots/potential/6/pb_Vr_L5.pdf>
Package pdftex.def Info: plots/potential/6/pb_Vr_L5.pdf  used on input line 825.
(pdftex.def)             Requested size: 246.0pt x 123.00073pt.
<plots/potential/7/pb_Vr_L5.pdf, id=1185, 722.7pt x 361.35pt>
File: plots/potential/7/pb_Vr_L5.pdf Graphic file (type pdf)
<use plots/potential/7/pb_Vr_L5.pdf>
Package pdftex.def Info: plots/potential/7/pb_Vr_L5.pdf  used on input line 832.
(pdftex.def)             Requested size: 246.0pt x 123.00073pt.
<plots/wfs-and-pds/6/pb_wf_u10.pdf, id=1186, 722.7pt x 361.35pt>
File: plots/wfs-and-pds/6/pb_wf_u10.pdf Graphic file (type pdf)
<use plots/wfs-and-pds/6/pb_wf_u10.pdf>
Package pdftex.def Info: plots/wfs-and-pds/6/pb_wf_u10.pdf  used on input line 839.
(pdftex.def)             Requested size: 246.0pt x 123.00073pt.
<plots/wfs-and-pds/7/pb_wf_u10.pdf, id=1187, 722.7pt x 361.35pt>
File: plots/wfs-and-pds/7/pb_wf_u10.pdf Graphic file (type pdf)
<use plots/wfs-and-pds/7/pb_wf_u10.pdf>
Package pdftex.def Info: plots/wfs-and-pds/7/pb_wf_u10.pdf  used on input line 846.
(pdftex.def)             Requested size: 246.0pt x 123.00073pt.
<plots/wfs-and-pds/6/pb_pd_u10.pdf, id=1188, 722.7pt x 361.35pt>
File: plots/wfs-and-pds/6/pb_pd_u10.pdf Graphic file (type pdf)
<use plots/wfs-and-pds/6/pb_pd_u10.pdf>
Package pdftex.def Info: plots/wfs-and-pds/6/pb_pd_u10.pdf  used on input line 853.
(pdftex.def)             Requested size: 246.0pt x 123.00073pt.
<plots/wfs-and-pds/7/pb_pd_u10.pdf, id=1189, 722.7pt x 361.35pt>
File: plots/wfs-and-pds/7/pb_pd_u10.pdf Graphic file (type pdf)
<use plots/wfs-and-pds/7/pb_pd_u10.pdf>
Package pdftex.def Info: plots/wfs-and-pds/7/pb_pd_u10.pdf  used on input line 860.
(pdftex.def)             Requested size: 246.0pt x 123.00073pt.
<plots/energy/6/pb_pot_E10.pdf, id=1190, 722.7pt x 361.35pt>
File: plots/energy/6/pb_pot_E10.pdf Graphic file (type pdf)
<use plots/energy/6/pb_pot_E10.pdf>
Package pdftex.def Info: plots/energy/6/pb_pot_E10.pdf  used on input line 868.
(pdftex.def)             Requested size: 246.0pt x 123.00073pt.
<plots/energy/7/pb_pot_E10.pdf, id=1191, 722.7pt x 361.35pt>
File: plots/energy/7/pb_pot_E10.pdf Graphic file (type pdf)
<use plots/energy/7/pb_pot_E10.pdf>
Package pdftex.def Info: plots/energy/7/pb_pot_E10.pdf  used on input line 875.
(pdftex.def)             Requested size: 246.0pt x 123.00073pt.
<plots/wfs-and-pds/6/pb_wf_u63.pdf, id=1192, 722.7pt x 361.35pt>
File: plots/wfs-and-pds/6/pb_wf_u63.pdf Graphic file (type pdf)
<use plots/wfs-and-pds/6/pb_wf_u63.pdf>
Package pdftex.def Info: plots/wfs-and-pds/6/pb_wf_u63.pdf  used on input line 883.
(pdftex.def)             Requested size: 246.0pt x 123.00073pt.
<plots/wfs-and-pds/7/pb_wf_u63.pdf, id=1193, 722.7pt x 361.35pt>
File: plots/wfs-and-pds/7/pb_wf_u63.pdf Graphic file (type pdf)
<use plots/wfs-and-pds/7/pb_wf_u63.pdf>
Package pdftex.def Info: plots/wfs-and-pds/7/pb_wf_u63.pdf  used on input line 890.
(pdftex.def)             Requested size: 246.0pt x 123.00073pt.
<plots/wfs-and-pds/6/pb_pd_u63.pdf, id=1194, 722.7pt x 361.35pt>
File: plots/wfs-and-pds/6/pb_pd_u63.pdf Graphic file (type pdf)
<use plots/wfs-and-pds/6/pb_pd_u63.pdf>
Package pdftex.def Info: plots/wfs-and-pds/6/pb_pd_u63.pdf  used on input line 897.
(pdftex.def)             Requested size: 246.0pt x 123.00073pt.
<plots/wfs-and-pds/7/pb_pd_u63.pdf, id=1195, 722.7pt x 361.35pt>
File: plots/wfs-and-pds/7/pb_pd_u63.pdf Graphic file (type pdf)
<use plots/wfs-and-pds/7/pb_pd_u63.pdf>
Package pdftex.def Info: plots/wfs-and-pds/7/pb_pd_u63.pdf  used on input line 904.
(pdftex.def)             Requested size: 246.0pt x 123.00073pt.
<plots/energy/6/pb_pot_E63.pdf, id=1196, 722.7pt x 361.35pt>
File: plots/energy/6/pb_pot_E63.pdf Graphic file (type pdf)
<use plots/energy/6/pb_pot_E63.pdf>
Package pdftex.def Info: plots/energy/6/pb_pot_E63.pdf  used on input line 911.
(pdftex.def)             Requested size: 246.0pt x 123.00073pt.
<plots/energy/7/pb_pot_E63.pdf, id=1197, 722.7pt x 361.35pt>
File: plots/energy/7/pb_pot_E63.pdf Graphic file (type pdf)
<use plots/energy/7/pb_pot_E63.pdf>
Package pdftex.def Info: plots/energy/7/pb_pot_E63.pdf  used on input line 918.
(pdftex.def)             Requested size: 246.0pt x 123.00073pt.
<plots/wfs-and-pds/6/pb_wf_u75.pdf, id=1198, 722.7pt x 361.35pt>
File: plots/wfs-and-pds/6/pb_wf_u75.pdf Graphic file (type pdf)
<use plots/wfs-and-pds/6/pb_wf_u75.pdf>
Package pdftex.def Info: plots/wfs-and-pds/6/pb_wf_u75.pdf  used on input line 925.
(pdftex.def)             Requested size: 246.0pt x 123.00073pt.
<plots/wfs-and-pds/7/pb_wf_u75.pdf, id=1199, 722.7pt x 361.35pt>
File: plots/wfs-and-pds/7/pb_wf_u75.pdf Graphic file (type pdf)
<use plots/wfs-and-pds/7/pb_wf_u75.pdf>
Package pdftex.def Info: plots/wfs-and-pds/7/pb_wf_u75.pdf  used on input line 932.
(pdftex.def)             Requested size: 246.0pt x 123.00073pt.
<plots/wfs-and-pds/6/pb_pd_u75.pdf, id=1200, 722.7pt x 361.35pt>
File: plots/wfs-and-pds/6/pb_pd_u75.pdf Graphic file (type pdf)
<use plots/wfs-and-pds/6/pb_pd_u75.pdf>
Package pdftex.def Info: plots/wfs-and-pds/6/pb_pd_u75.pdf  used on input line 939.
(pdftex.def)             Requested size: 246.0pt x 123.00073pt.
<plots/wfs-and-pds/7/pb_pd_u75.pdf, id=1201, 722.7pt x 361.35pt>
File: plots/wfs-and-pds/7/pb_pd_u75.pdf Graphic file (type pdf)
<use plots/wfs-and-pds/7/pb_pd_u75.pdf>
Package pdftex.def Info: plots/wfs-and-pds/7/pb_pd_u75.pdf  used on input line 946.
(pdftex.def)             Requested size: 246.0pt x 123.00073pt.
<plots/energy/6/pb_pot_E75.pdf, id=1202, 722.7pt x 361.35pt>
File: plots/energy/6/pb_pot_E75.pdf Graphic file (type pdf)
<use plots/energy/6/pb_pot_E75.pdf>
Package pdftex.def Info: plots/energy/6/pb_pot_E75.pdf  used on input line 953.
(pdftex.def)             Requested size: 246.0pt x 123.00073pt.
<plots/energy/7/pb_pot_E75.pdf, id=1203, 722.7pt x 361.35pt>
File: plots/energy/7/pb_pot_E75.pdf Graphic file (type pdf)
<use plots/energy/7/pb_pot_E75.pdf>
Package pdftex.def Info: plots/energy/7/pb_pot_E75.pdf  used on input line 960.
(pdftex.def)             Requested size: 246.0pt x 123.00073pt.
<plots/wfs-and-pds/6/pb_wf_u255.pdf, id=1204, 722.7pt x 361.35pt>
File: plots/wfs-and-pds/6/pb_wf_u255.pdf Graphic file (type pdf)
<use plots/wfs-and-pds/6/pb_wf_u255.pdf>
Package pdftex.def Info: plots/wfs-and-pds/6/pb_wf_u255.pdf  used on input line 967.
(pdftex.def)             Requested size: 246.0pt x 123.00073pt.
<plots/wfs-and-pds/7/pb_wf_u255.pdf, id=1205, 722.7pt x 361.35pt>
File: plots/wfs-and-pds/7/pb_wf_u255.pdf Graphic file (type pdf)
<use plots/wfs-and-pds/7/pb_wf_u255.pdf>
Package pdftex.def Info: plots/wfs-and-pds/7/pb_wf_u255.pdf  used on input line 974.
(pdftex.def)             Requested size: 246.0pt x 123.00073pt.
<plots/wfs-and-pds/6/pb_pd_u255.pdf, id=1206, 722.7pt x 361.35pt>
File: plots/wfs-and-pds/6/pb_pd_u255.pdf Graphic file (type pdf)
<use plots/wfs-and-pds/6/pb_pd_u255.pdf>
Package pdftex.def Info: plots/wfs-and-pds/6/pb_pd_u255.pdf  used on input line 981.
(pdftex.def)             Requested size: 246.0pt x 123.00073pt.
<plots/wfs-and-pds/7/pb_pd_u255.pdf, id=1207, 722.7pt x 361.35pt>
File: plots/wfs-and-pds/7/pb_pd_u255.pdf Graphic file (type pdf)
<use plots/wfs-and-pds/7/pb_pd_u255.pdf>
Package pdftex.def Info: plots/wfs-and-pds/7/pb_pd_u255.pdf  used on input line 988.
(pdftex.def)             Requested size: 246.0pt x 123.00073pt.
<plots/energy/6/pb_pot_E255.pdf, id=1208, 722.7pt x 361.35pt>
File: plots/energy/6/pb_pot_E255.pdf Graphic file (type pdf)
<use plots/energy/6/pb_pot_E255.pdf>
Package pdftex.def Info: plots/energy/6/pb_pot_E255.pdf  used on input line 995.
(pdftex.def)             Requested size: 246.0pt x 123.00073pt.
<plots/energy/7/pb_pot_E255.pdf, id=1209, 722.7pt x 361.35pt>
File: plots/energy/7/pb_pot_E255.pdf Graphic file (type pdf)
<use plots/energy/7/pb_pot_E255.pdf>
Package pdftex.def Info: plots/energy/7/pb_pot_E255.pdf  used on input line 1002.
(pdftex.def)             Requested size: 246.0pt x 123.00073pt.

Class revtex4-2 Warning: Environment acknowledgements is obsolete;
Use acknowledgments instead.

[9 <./plots/wfs-and-pds/4/pb_pd_u255.pdf> <./plots/energy/4/pb_pot_E255.pdf> <./plots/potential/5/pb_Vr_L5.pdf>] [10 <./plots/energy/5/pb_energy.pdf> <./plots/wfs-and-pds/5/pb_wf_u10.pdf> <./plots/wfs-and-pds/5/pb_pd_u10.pdf>] [11 <./plots/energy/5/pb_pot_E10.pdf> <./plots/wfs-and-pds/5/pb_wf_u63.pdf> <./plots/wfs-and-pds/5/pb_pd_u63.pdf> <./plots/energy/5/pb_pot_E63.pdf>] [12 <./plots/wfs-and-pds/5/pb_wf_u75.pdf> <./plots/wfs-and-pds/5/pb_pd_u75.pdf> <./plots/energy/5/pb_pot_E75.pdf> <./plots/wfs-and-pds/5/pb_wf_u255.pdf>] [13 <./plots/wfs-and-pds/5/pb_pd_u255.pdf> <./plots/energy/5/pb_pot_E255.pdf> <./plots/energy/6/pb_energy.pdf>] [14 <./plots/energy/7/pb_energy.pdf> <./plots/potential/6/pb_Vr_L5.pdf> <./plots/potential/7/pb_Vr_L5.pdf>] [15 <./plots/wfs-and-pds/6/pb_wf_u10.pdf> <./plots/wfs-and-pds/7/pb_wf_u10.pdf> <./plots/wfs-and-pds/6/pb_pd_u10.pdf> <./plots/wfs-and-pds/7/pb_pd_u10.pdf>] [16 <./plots/energy/6/pb_pot_E10.pdf> <./plots/energy/7/pb_pot_E10.pdf> <./plots/wfs-and-pds/6/pb_wf_u63.pdf> <./plots/wfs-and-pds/7/pb_wf_u63.pdf>] [17 <./plots/wfs-and-pds/6/pb_pd_u63.pdf> <./plots/wfs-and-pds/7/pb_pd_u63.pdf> <./plots/energy/6/pb_pot_E63.pdf> <./plots/energy/7/pb_pot_E63.pdf>] [18 <./plots/wfs-and-pds/6/pb_wf_u75.pdf> <./plots/wfs-and-pds/7/pb_wf_u75.pdf> <./plots/wfs-and-pds/6/pb_pd_u75.pdf> <./plots/wfs-and-pds/7/pb_pd_u75.pdf>] [19 <./plots/energy/6/pb_pot_E75.pdf> <./plots/energy/7/pb_pot_E75.pdf> <./plots/wfs-and-pds/6/pb_wf_u255.pdf> <./plots/wfs-and-pds/7/pb_wf_u255.pdf>] [20 <./plots/wfs-and-pds/6/pb_pd_u255.pdf> <./plots/wfs-and-pds/7/pb_pd_u255.pdf> <./plots/energy/6/pb_pot_E255.pdf> <./plots/energy/7/pb_pot_E255.pdf>] (build/yuk-report.aux)
 ***********
LaTeX2e <2024-11-01> patch level 2
L3 programming layer <2025-01-18>
 ***********
Package rerunfilecheck Info: File `yuk-report.out' has not changed.
(rerunfilecheck)             Checksum: 88F7F4237CF2B81F09A1B408683350FB;3082.
 ) 
Here is how much of TeX's memory you used:
 12973 strings out of 473190
 205803 string characters out of 5715801
 621880 words of memory out of 5000000
 35910 multiletter control sequences out of 15000+600000
 571826 words of font info for 84 fonts, out of 8000000 for 9000
 1141 hyphenation exceptions out of 8191
 75i,8n,79p,579b,574s stack positions out of 10000i,1000n,20000p,200000b,200000s
</usr/local/texlive/2025/texmf-dist/fonts/type1/public/amsfonts/cm/cmbx12.pfb></usr/local/texlive/2025/texmf-dist/fonts/type1/public/amsfonts/cm/cmbx9.pfb></usr/local/texlive/2025/texmf-dist/fonts/type1/public/amsfonts/cm/cmex10.pfb></usr/local/texlive/2025/texmf-dist/fonts/type1/public/amsfonts/cm/cmmi10.pfb></usr/local/texlive/2025/texmf-dist/fonts/type1/public/amsfonts/cm/cmmi5.pfb></usr/local/texlive/2025/texmf-dist/fonts/type1/public/amsfonts/cm/cmmi6.pfb></usr/local/texlive/2025/texmf-dist/fonts/type1/public/amsfonts/cm/cmmi7.pfb></usr/local/texlive/2025/texmf-dist/fonts/type1/public/amsfonts/cm/cmmi8.pfb></usr/local/texlive/2025/texmf-dist/fonts/type1/public/amsfonts/cm/cmmi9.pfb></usr/local/texlive/2025/texmf-dist/fonts/type1/public/amsfonts/cm/cmr10.pfb></usr/local/texlive/2025/texmf-dist/fonts/type1/public/amsfonts/cm/cmr6.pfb></usr/local/texlive/2025/texmf-dist/fonts/type1/public/amsfonts/cm/cmr7.pfb></usr/local/texlive/2025/texmf-dist/fonts/type1/public/amsfonts/cm/cmr8.pfb></usr/local/texlive/2025/texmf-dist/fonts/type1/public/amsfonts/cm/cmr9.pfb></usr/local/texlive/2025/texmf-dist/fonts/type1/public/amsfonts/cm/cmsy10.pfb></usr/local/texlive/2025/texmf-dist/fonts/type1/public/amsfonts/cm/cmsy5.pfb></usr/local/texlive/2025/texmf-dist/fonts/type1/public/amsfonts/cm/cmsy6.pfb></usr/local/texlive/2025/texmf-dist/fonts/type1/public/amsfonts/cm/cmsy7.pfb></usr/local/texlive/2025/texmf-dist/fonts/type1/public/amsfonts/cm/cmsy8.pfb></usr/local/texlive/2025/texmf-dist/fonts/type1/public/amsfonts/cm/cmsy9.pfb></usr/local/texlive/2025/texmf-dist/fonts/type1/public/amsfonts/cm/cmti9.pfb></usr/local/texlive/2025/texmf-dist/fonts/type1/public/amsfonts/cm/cmtt10.pfb></usr/local/texlive/2025/texmf-dist/fonts/type1/public/amsfonts/symbols/msbm10.pfb>
Output written on build/yuk-report.pdf (20 pages, 894488 bytes).
PDF statistics:
 2636 PDF objects out of 2984 (max. 8388607)
 1090 compressed objects within 11 object streams
 155 named destinations out of 1000 (max. 500000)
 507 words of extra memory for PDF output out of 10000 (max. 10000000)

